<?xml version="1.0" encoding="UTF-8"?>
<testsuites name="jest tests" tests="1" failures="0" errors="0" time="3.587">
  <testsuite name="undefined" errors="0" failures="0" skipped="0" timestamp="2021-08-10T11:38:31" time="1.875" tests="1">
    <testcase classname=" renders learn react link" name=" renders learn react link" time="0.025">
    </testcase>
  </testsuite>
</testsuites>